2025-05-14 09:20:27.783 [info] Extension host with pid 362704 started
2025-05-14 09:20:27.903 [info] ExtensionService#_doActivateExtension vscode.emmet, startup: false, activationEvent: 'onLanguage'
2025-05-14 09:20:27.929 [info] ExtensionService#_doActivateExtension vscode.configuration-editing, startup: false, activationEvent: 'onLanguage:jsonc'
2025-05-14 09:20:27.938 [info] ExtensionService#_doActivateExtension vscode.json-language-features, startup: false, activationEvent: 'onLanguage:jsonc'
2025-05-14 09:20:28.005 [info] ExtensionService#_doActivateExtension vscode.typescript-language-features, startup: false, activationEvent: 'onLanguage:jsonc'
2025-05-14 09:20:28.348 [info] ExtensionService#_doActivateExtension vscode.git-base, startup: true, activationEvent: '*', root cause: vscode.git
2025-05-14 09:20:28.351 [info] ExtensionService#_doActivateExtension oderwat.indent-rainbow, startup: true, activationEvent: '*'
2025-05-14 09:20:28.353 [info] ExtensionService#_doActivateExtension Shan.code-settings-sync, startup: true, activationEvent: '*'
2025-05-14 09:20:28.431 [info] ExtensionService#_doActivateExtension tintinweb.vscode-inline-bookmarks, startup: true, activationEvent: '*'
2025-05-14 09:20:28.448 [info] ExtensionService#_doActivateExtension vscode.git, startup: true, activationEvent: '*'
2025-05-14 09:20:28.490 [info] ExtensionService#_doActivateExtension vscode.github, startup: true, activationEvent: '*'
2025-05-14 09:20:28.594 [info] Eager extensions activated
2025-05-14 09:20:28.620 [info] ExtensionService#_doActivateExtension vscode.debug-auto-launch, startup: false, activationEvent: 'onStartupFinished'
2025-05-14 09:20:28.631 [info] ExtensionService#_doActivateExtension vscode.merge-conflict, startup: false, activationEvent: 'onStartupFinished'
2025-05-14 09:20:28.647 [info] ExtensionService#_doActivateExtension Continue.continue, startup: false, activationEvent: 'onStartupFinished'
2025-05-14 09:20:29.316 [info] ExtensionService#_doActivateExtension vscode.github-authentication, startup: false, activationEvent: 'onStartupFinished', root cause: GitHub.vscode-pull-request-github
2025-05-14 09:20:29.373 [info] ExtensionService#_doActivateExtension sainnhe.everforest, startup: false, activationEvent: 'onStartupFinished'
2025-05-14 09:20:29.378 [info] ExtensionService#_doActivateExtension streetsidesoftware.code-spell-checker, startup: false, activationEvent: 'onStartupFinished'
2025-05-14 09:20:29.510 [info] ExtensionService#_doActivateExtension GitHub.vscode-pull-request-github, startup: false, activationEvent: 'onStartupFinished'
2025-05-14 09:20:29.712 [error] Activating extension GitHub.vscode-pull-request-github failed due to an error:
2025-05-14 09:20:29.712 [error] Error: Extension 'GitHub.vscode-pull-request-github' CANNOT use API proposal: diffCommand.
Its package.json#enabledApiProposals-property declares:  but NOT diffCommand.
 The missing proposal MUST be added and you must start in extension development mode or use the following command line switch: --enable-proposed-api GitHub.vscode-pull-request-github
	at N (file:///usr/lib/code/out/vs/workbench/api/node/extensionHostProcess.js:113:30038)
	at Object.registerDiffInformationCommand (file:///usr/lib/code/out/vs/workbench/api/node/extensionHostProcess.js:170:30738)
	at i2 (/home/joseph/.vscode-oss/extensions/github.vscode-pull-request-github-0.110.0-universal/dist/extension.js:2565:2021)
	at K4 (/home/joseph/.vscode-oss/extensions/github.vscode-pull-request-github-0.110.0-universal/dist/extension.js:2907:4466)
	at e6 (/home/joseph/.vscode-oss/extensions/github.vscode-pull-request-github-0.110.0-universal/dist/extension.js:2907:9016)
	at async Y4 (/home/joseph/.vscode-oss/extensions/github.vscode-pull-request-github-0.110.0-universal/dist/extension.js:2907:6018)
	at async Nb.n (file:///usr/lib/code/out/vs/workbench/api/node/extensionHostProcess.js:119:13382)
	at async Nb.m (file:///usr/lib/code/out/vs/workbench/api/node/extensionHostProcess.js:119:13345)
	at async Nb.l (file:///usr/lib/code/out/vs/workbench/api/node/extensionHostProcess.js:119:12801)
2025-05-14 09:20:29.820 [info] ExtensionService#_doActivateExtension streetsidesoftware.code-spell-checker-italian, startup: false, activationEvent: 'onStartupFinished'
2025-05-14 09:20:34.710 [info] Extension host terminating: renderer closed the MessagePort
2025-05-14 09:20:34.732 [info] Extension host with pid 362704 exiting with code 0
