2025-05-18 19:20:15.061 [info] Extension host with pid 65089 started
2025-05-18 19:20:15.110 [info] ExtensionService#_doActivateExtension vscode.git-base, startup: true, activationEvent: '*', root cause: vscode.git
2025-05-18 19:20:15.116 [info] ExtensionService#_doActivateExtension oderwat.indent-rainbow, startup: true, activationEvent: '*'
2025-05-18 19:20:15.118 [info] ExtensionService#_doActivateExtension Shan.code-settings-sync, startup: true, activationEvent: '*'
2025-05-18 19:20:15.209 [info] ExtensionService#_doActivateExtension tintinweb.vscode-inline-bookmarks, startup: true, activationEvent: '*'
2025-05-18 19:20:15.214 [info] ExtensionService#_doActivateExtension vscode.configuration-editing, startup: false, activationEvent: 'onLanguage:jsonc'
2025-05-18 19:20:15.224 [info] ExtensionService#_doActivateExtension vscode.json-language-features, startup: false, activationEvent: 'onLanguage:jsonc'
2025-05-18 19:20:15.295 [info] ExtensionService#_doActivateExtension vscode.typescript-language-features, startup: false, activationEvent: 'onLanguage:jsonc'
2025-05-18 19:20:15.357 [info] ExtensionService#_doActivateExtension vscode.emmet, startup: false, activationEvent: 'onLanguage'
2025-05-18 19:20:15.430 [info] ExtensionService#_doActivateExtension vscode.git, startup: true, activationEvent: '*'
2025-05-18 19:20:15.478 [info] ExtensionService#_doActivateExtension vscode.github, startup: true, activationEvent: '*'
2025-05-18 19:20:15.573 [info] Eager extensions activated
2025-05-18 19:20:15.590 [info] ExtensionService#_doActivateExtension vscode.debug-auto-launch, startup: false, activationEvent: 'onStartupFinished'
2025-05-18 19:20:15.593 [info] ExtensionService#_doActivateExtension vscode.merge-conflict, startup: false, activationEvent: 'onStartupFinished'
2025-05-18 19:20:15.609 [info] ExtensionService#_doActivateExtension Continue.continue, startup: false, activationEvent: 'onStartupFinished'
2025-05-18 19:20:16.257 [info] ExtensionService#_doActivateExtension vscode.github-authentication, startup: false, activationEvent: 'onStartupFinished', root cause: GitHub.vscode-pull-request-github
2025-05-18 19:20:16.319 [info] ExtensionService#_doActivateExtension sainnhe.everforest, startup: false, activationEvent: 'onStartupFinished'
2025-05-18 19:20:16.324 [info] ExtensionService#_doActivateExtension streetsidesoftware.code-spell-checker, startup: false, activationEvent: 'onStartupFinished'
2025-05-18 19:20:16.471 [info] ExtensionService#_doActivateExtension GitHub.vscode-pull-request-github, startup: false, activationEvent: 'onStartupFinished'
2025-05-18 19:20:16.626 [error] Activating extension GitHub.vscode-pull-request-github failed due to an error:
2025-05-18 19:20:16.626 [error] Error: Extension 'GitHub.vscode-pull-request-github' CANNOT use API proposal: diffCommand.
Its package.json#enabledApiProposals-property declares:  but NOT diffCommand.
 The missing proposal MUST be added and you must start in extension development mode or use the following command line switch: --enable-proposed-api GitHub.vscode-pull-request-github
	at N (file:///usr/lib/code/out/vs/workbench/api/node/extensionHostProcess.js:113:30038)
	at Object.registerDiffInformationCommand (file:///usr/lib/code/out/vs/workbench/api/node/extensionHostProcess.js:170:30738)
	at i2 (/home/joseph/.vscode-oss/extensions/github.vscode-pull-request-github-0.110.0-universal/dist/extension.js:2565:2021)
	at K4 (/home/joseph/.vscode-oss/extensions/github.vscode-pull-request-github-0.110.0-universal/dist/extension.js:2907:4466)
	at e6 (/home/joseph/.vscode-oss/extensions/github.vscode-pull-request-github-0.110.0-universal/dist/extension.js:2907:9016)
	at async Y4 (/home/joseph/.vscode-oss/extensions/github.vscode-pull-request-github-0.110.0-universal/dist/extension.js:2907:6018)
	at async Nb.n (file:///usr/lib/code/out/vs/workbench/api/node/extensionHostProcess.js:119:13382)
	at async Nb.m (file:///usr/lib/code/out/vs/workbench/api/node/extensionHostProcess.js:119:13345)
	at async Nb.l (file:///usr/lib/code/out/vs/workbench/api/node/extensionHostProcess.js:119:12801)
2025-05-18 19:20:17.477 [info] ExtensionService#_doActivateExtension streetsidesoftware.code-spell-checker-italian, startup: false, activationEvent: 'onStartupFinished'
2025-05-18 19:20:36.549 [info] Extension host terminating: renderer closed the MessagePort
2025-05-18 19:20:36.565 [info] Extension host with pid 65089 exiting with code 0
