2025-05-18 19:24:16.616 [info] Reading sessions from keychain...
2025-05-18 19:24:16.616 [info] Getting sessions for all scopes...
2025-05-18 19:24:16.616 [info] Getting sessions for all scopes...
2025-05-18 19:24:16.616 [info] Got 0 sessions for ...
2025-05-18 19:24:16.616 [info] Got 0 sessions for ...
2025-05-18 19:24:16.644 [info] Getting sessions for project,read:org,read:user,repo,user:email,workflow...
2025-05-18 19:24:16.644 [info] Got 0 sessions for project,read:org,read:user,repo,user:email,workflow...
2025-05-18 19:24:16.655 [info] Getting sessions for read:user,repo,user:email,workflow...
2025-05-18 19:24:16.655 [info] Got 0 sessions for read:user,repo,user:email,workflow...
2025-05-18 19:24:16.659 [info] Getting sessions for all scopes...
2025-05-18 19:24:16.659 [info] Got 0 sessions for ...
2025-05-18 19:24:16.665 [info] Getting sessions for read:user,repo,user:email...
2025-05-18 19:24:16.665 [info] Got 0 sessions for read:user,repo,user:email...
2025-05-18 19:24:16.671 [info] Getting sessions for read:user,repo,user:email,workflow...
2025-05-18 19:24:16.671 [info] Got 0 sessions for read:user,repo,user:email,workflow...
2025-05-18 19:24:17.597 [info] Getting sessions for all scopes...
2025-05-18 19:24:17.597 [info] Got 0 sessions for ...
2025-05-18 19:24:17.607 [info] Getting sessions for all scopes...
2025-05-18 19:24:17.607 [info] Got 0 sessions for ...
2025-05-18 19:24:19.268 [info] Getting sessions for all scopes...
2025-05-18 19:24:19.268 [info] Got 0 sessions for ...
2025-05-18 19:24:19.316 [info] Getting sessions for all scopes...
2025-05-18 19:24:19.316 [info] Got 0 sessions for ...
2025-05-18 19:31:15.903 [info] Getting sessions for all scopes...
2025-05-18 19:31:15.903 [info] Got 0 sessions for ...
